# serializer version: 1
# name: test_getCropFilter
  "crop='x=(gte(t, 0.0)*lt(t, 0.9494769999999999))*((109)+((109)-(109))*1+((clip(((t-0.0)/0.9494769999999999),0,1))-1)^3)+(gte(t, 0.9494769999999999)*lt(t, 2.4594769999999997))*((109)+((163)-(109))*1+((clip(((t-0.9494769999999999)/1.5099999999999998),0,1))-1)^3)+(gte(t, 2.4594769999999997)*lt(t, 4.0894770000000005))*((80)+((42)-(80))*1+((clip(((t-2.4594769999999997)/1.6300000000000008),0,1))-1)^3)+between(t, 4.0894770000000005, 5.697203)*((42)+((42)-(42))*1+((clip(((t-4.0894770000000005)/1.6077259999999995),0,1))-1)^3):y=(gte(t, 0.0)*lt(t, 0.9494769999999999))*((426)+((502)-(426))*1+((clip(((t-0.0)/0.9494769999999999),0,1))-1)^3)+(gte(t, 0.9494769999999999)*lt(t, 2.4594769999999997))*((502)+((635)-(502))*1+((clip(((t-0.9494769999999999)/1.5099999999999998),0,1))-1)^3)+(gte(t, 2.4594769999999997)*lt(t, 4.0894770000000005))*((600)+((559)-(600))*1+((clip(((t-2.4594769999999997)/1.6300000000000008),0,1))-1)^3)+between(t, 4.0894770000000005, 5.697203)*((559)+((507)-(559))*1+((clip(((t-4.0894770000000005)/1.6077259999999995),0,1))-1)^3):w=540:h=960:exact=1'"
# ---
# name: test_getZoomPanFilter
  "crop='x=(gte(t, 0.0)*lt(t, 0.9494769999999999))*max(((1*649.0)+((1*649.0)-(1*649.0))*1+((clip(((t-0.0)/0.9494769999999999),0,1))-1)^3)-1*540, 0)+(gte(t, 0.9494769999999999)*lt(t, 2.4594769999999997))*max(((1*649.0)+((1*613.0)-(1*649.0))*1+((clip(((t-0.9494769999999999)/1.5099999999999998),0,1))-1)^3)-1*540, 0)+(gte(t, 2.4594769999999997)*lt(t, 4.0894770000000005))*max(((1*550.0)+((1*555.0)-(1*550.0))*1+((clip(((t-2.4594769999999997)/1.6300000000000008),0,1))-1)^3)-1*540, 0)+between(t, 4.0894770000000005, 5.697203)*max(((1*555.0)+((1*582.0)-(1*555.0))*1+((clip(((t-4.0894770000000005)/1.6077259999999995),0,1))-1)^3)-1*540, 0):y=(gte(t, 0.0)*lt(t, 0.9494769999999999))*max(((1*1386.0)+((1*1462.0)-(1*1386.0))*1+((clip(((t-0.0)/0.9494769999999999),0,1))-1)^3)-1*960, 0)+(gte(t, 0.9494769999999999)*lt(t, 2.4594769999999997))*max(((1*1462.0)+((1*1435.0)-(1*1462.0))*1+((clip(((t-0.9494769999999999)/1.5099999999999998),0,1))-1)^3)-1*960, 0)+(gte(t, 2.4594769999999997)*lt(t, 4.0894770000000005))*max(((1*1460.0)+((1*1471.0)-(1*1460.0))*1+((clip(((t-2.4594769999999997)/1.6300000000000008),0,1))-1)^3)-1*960, 0)+between(t, 4.0894770000000005, 5.697203)*max(((1*1471.0)+((1*1467.0)-(1*1471.0))*1+((clip(((t-4.0894770000000005)/1.6077259999999995),0,1))-1)^3)-1*960, 0):w=1*540:h=1*960:exact=1',scale=w=4*iw:h=4*ih,zoompan=z='((gte(t, 0.0)*lt(t, 0.9494769999999999))*((1.0)+((1.0)-(1.0))*1+((clip(((it-0.0)/0.9494769999999999),0,1))-1)^3)+(gte(t, 0.9494769999999999)*lt(t, 2.4594769999999997))*((1.0)+((1.2)-(1.0))*1+((clip(((it-0.9494769999999999)/1.5099999999999998),0,1))-1)^3)+(gte(t, 2.4594769999999997)*lt(t, 4.0894770000000005))*((1.148936170212766)+((1.0526315789473684)-(1.148936170212766))*1+((clip(((it-2.4594769999999997)/1.6300000000000008),0,1))-1)^3)+between(t, 4.0894770000000005, 5.697203)*((1.0526315789473684)+((1.0)-(1.0526315789473684))*1+((clip(((it-4.0894770000000005)/1.6077259999999995),0,1))-1)^3))':x='(gte(t, 0.0)*lt(t, 0.9494769999999999))*((((4*109)+((4*109)-(4*109))*1+((clip(((it-0.0)/0.9494769999999999),0,1))-1)^3))-(max(((4*649.0)+((4*649.0)-(4*649.0))*1+((clip(((it-0.0)/0.9494769999999999),0,1))-1)^3)-4*540, 0)))+(gte(t, 0.9494769999999999)*lt(t, 2.4594769999999997))*((((4*109)+((4*163)-(4*109))*1+((clip(((it-0.9494769999999999)/1.5099999999999998),0,1))-1)^3))-(max(((4*649.0)+((4*613.0)-(4*649.0))*1+((clip(((it-0.9494769999999999)/1.5099999999999998),0,1))-1)^3)-4*540, 0)))+(gte(t, 2.4594769999999997)*lt(t, 4.0894770000000005))*((((4*80)+((4*42)-(4*80))*1+((clip(((it-2.4594769999999997)/1.6300000000000008),0,1))-1)^3))-(max(((4*550.0)+((4*555.0)-(4*550.0))*1+((clip(((it-2.4594769999999997)/1.6300000000000008),0,1))-1)^3)-4*540, 0)))+between(t, 4.0894770000000005, 5.697203)*((((4*42)+((4*42)-(4*42))*1+((clip(((it-4.0894770000000005)/1.6077259999999995),0,1))-1)^3))-(max(((4*555.0)+((4*582.0)-(4*555.0))*1+((clip(((it-4.0894770000000005)/1.6077259999999995),0,1))-1)^3)-4*540, 0)))':y='(gte(t, 0.0)*lt(t, 0.9494769999999999))*((((4*426)+((4*502)-(4*426))*1+((clip(((it-0.0)/0.9494769999999999),0,1))-1)^3))-(max(((4*1386.0)+((4*1462.0)-(4*1386.0))*1+((clip(((it-0.0)/0.9494769999999999),0,1))-1)^3)-4*960, 0)))+(gte(t, 0.9494769999999999)*lt(t, 2.4594769999999997))*((((4*502)+((4*635)-(4*502))*1+((clip(((it-0.9494769999999999)/1.5099999999999998),0,1))-1)^3))-(max(((4*1462.0)+((4*1435.0)-(4*1462.0))*1+((clip(((it-0.9494769999999999)/1.5099999999999998),0,1))-1)^3)-4*960, 0)))+(gte(t, 2.4594769999999997)*lt(t, 4.0894770000000005))*((((4*600)+((4*559)-(4*600))*1+((clip(((it-2.4594769999999997)/1.6300000000000008),0,1))-1)^3))-(max(((4*1460.0)+((4*1471.0)-(4*1460.0))*1+((clip(((it-2.4594769999999997)/1.6300000000000008),0,1))-1)^3)-4*960, 0)))+between(t, 4.0894770000000005, 5.697203)*((((4*559)+((4*507)-(4*559))*1+((clip(((it-4.0894770000000005)/1.6077259999999995),0,1))-1)^3))-(max(((4*1471.0)+((4*1467.0)-(4*1471.0))*1+((clip(((it-4.0894770000000005)/1.6077259999999995),0,1))-1)^3)-4*960, 0)))':d=1:s=540x960:fps=60"
# ---
